// Jest Snapshot v1, https://goo.gl/fbAQLP

exports[`AddFavoriteIcon should match snapshot Primary 1`] = `
<div>
  <img
    alt=""
    src="test-file-stub"
    width="30"
  />
</div>
`;
