// Jest Snapshot v1, https://goo.gl/fbAQLP

exports[`CustomBox should have a black shadow when transmitting this props 1`] = `"custom-box"`;

exports[`CustomBox should have a main shadow when transmitting this props 1`] = `"custom-box"`;

exports[`CustomBox should render without errors 1`] = `"custom-box"`;

exports[`CustomBox the default state should be a black shadow 1`] = `"custom-box"`;
