// Jest Snapshot v1, https://goo.gl/fbAQLP

exports[`Menu should match snapshot Menu 1`] = `
.emotion-0 {
  list-style: none;
  margin: 0;
  padding: 0;
  position: relative;
  padding-top: 8px;
  padding-bottom: 8px;
  display: -webkit-box;
  display: -webkit-flex;
  display: -ms-flexbox;
  display: flex;
  gap: 50px;
  background-color: #757575;
  padding: 0;
}

.emotion-1 {
  display: -webkit-box;
  display: -webkit-flex;
  display: -ms-flexbox;
  display: flex;
  -webkit-box-pack: start;
  -ms-flex-pack: start;
  -webkit-justify-content: flex-start;
  justify-content: flex-start;
  -webkit-align-items: center;
  -webkit-box-align: center;
  -ms-flex-align: center;
  align-items: center;
  position: relative;
  -webkit-text-decoration: none;
  text-decoration: none;
  width: 100%;
  box-sizing: border-box;
  text-align: left;
  padding-top: 8px;
  padding-bottom: 8px;
  padding-left: 16px;
  padding-right: 16px;
  padding: 0;
}

.emotion-1.Mui-focusVisible {
  background-color: rgba(0, 0, 0, 0.12);
}

.emotion-1.Mui-selected {
  background-color: rgba(25, 118, 210, 0.08);
}

.emotion-1.Mui-selected.Mui-focusVisible {
  background-color: rgba(25, 118, 210, 0.2);
}

.emotion-1.Mui-disabled {
  opacity: 0.38;
}

.emotion-2 {
  margin: 0;
  font-family: "Roboto","Helvetica","Arial",sans-serif;
  font-weight: 300;
  font-size: 3.75rem;
  line-height: 1.2;
  letter-spacing: -0.00833em;
  color: #1976d2;
  -webkit-text-decoration: none;
  text-decoration: none;
}

<div>
  <nav
    class="MuiList-root MuiList-padding emotion-0"
  >
    <li
      class="MuiListItem-root MuiListItem-gutters MuiListItem-padding emotion-1"
    >
      <a
        class="MuiTypography-root MuiTypography-h2 MuiLink-root MuiLink-underlineNone emotion-2"
        href="/"
      >
        Main
      </a>
    </li>
    <li
      class="MuiListItem-root MuiListItem-gutters MuiListItem-padding emotion-1"
    >
      <a
        class="MuiTypography-root MuiTypography-h2 MuiLink-root MuiLink-underlineNone emotion-2"
        href="/breeds"
      >
        Breeds
      </a>
    </li>
    <li
      class="MuiListItem-root MuiListItem-gutters MuiListItem-padding emotion-1"
    >
      <a
        class="MuiTypography-root MuiTypography-h2 MuiLink-root MuiLink-underlineNone emotion-2"
        href="/vote"
      >
        Vote
      </a>
    </li>
    <li
      class="MuiListItem-root MuiListItem-gutters MuiListItem-padding emotion-1"
    >
      <a
        class="MuiTypography-root MuiTypography-h2 MuiLink-root MuiLink-underlineNone emotion-2"
        href="/history"
      >
        History
      </a>
    </li>
    <li
      class="MuiListItem-root MuiListItem-gutters MuiListItem-padding emotion-1"
    >
      <a
        class="MuiTypography-root MuiTypography-h2 MuiLink-root MuiLink-underlineNone emotion-2"
        href="/your-uploads"
      >
        Your uploads
      </a>
    </li>
  </nav>
</div>
`;
